// Jest Snapshot v1, https://goo.gl/fbAQLP

exports[`<CreateItem/> renders and matches snapshot 1`] = `
<form
  className="Form-feif0j-0 hNIufj"
  data-test="form"
  onSubmit={[Function]}
>
  <DisplayError
    error={Object {}}
  />
  <fieldset
    aria-busy={false}
    disabled={false}
  >
    <label
      htmlFor="ein"
    >
      EIN (
      <CreateCharity__LookupLink
        href="https://apps.irs.gov/app/eos/"
      >
        <a
          className="CreateCharity__LookupLink-sc-7bw0bv-1 hWuqKe"
          href="https://apps.irs.gov/app/eos/"
        >
          Employer Identification Number
        </a>
      </CreateCharity__LookupLink>
      ) 
      <CreateCharity__Required>
        <span
          className="CreateCharity__Required-sc-7bw0bv-0 eHGSTg"
        >
          *
        </span>
      </CreateCharity__Required>
      <input
        id="ein"
        name="ein"
        onChange={[Function]}
        placeholder="EIN"
        required={true}
        type="text"
        value=""
      />
    </label>
    <label
      htmlFor="name"
    >
      Name 
      <CreateCharity__Required>
        <span
          className="CreateCharity__Required-sc-7bw0bv-0 eHGSTg"
        >
          *
        </span>
      </CreateCharity__Required>
      <input
        id="name"
        name="name"
        onChange={[Function]}
        placeholder="Name"
        required={true}
        type="text"
        value=""
      />
    </label>
    <label
      htmlFor="description"
    >
      Description 
      <CreateCharity__Required>
        <span
          className="CreateCharity__Required-sc-7bw0bv-0 eHGSTg"
        >
          *
        </span>
      </CreateCharity__Required>
      <textarea
        id="description"
        name="description"
        onChange={[Function]}
        placeholder="Description"
        required={true}
        value=""
      />
    </label>
    <label
      htmlFor="website"
    >
      Website
      <input
        id="website"
        name="website"
        onChange={[Function]}
        placeholder="Website"
        type="text"
        value=""
      />
    </label>
    <label
      htmlFor="file"
    >
      Image
      <input
        id="file"
        name="file"
        onChange={[Function]}
        placeholder="Upload Logo"
        type="file"
      />
    </label>
    <label
      htmlFor="imageDescription"
    >
      Image Description
      <textarea
        id="imageDescription"
        name="imageDescription"
        onChange={[Function]}
        placeholder="Image Description"
        value=""
      />
    </label>
    <label
      htmlFor="street"
    >
      Street
      <input
        id="street"
        name="street"
        onChange={[Function]}
        placeholder="Street"
        type="text"
        value=""
      />
    </label>
    <label
      htmlFor="city"
    >
      City
      <input
        id="city"
        name="city"
        onChange={[Function]}
        placeholder="City"
        type="text"
        value=""
      />
    </label>
    <label
      htmlFor="state"
    >
      State
      <input
        id="state"
        name="state"
        onChange={[Function]}
        placeholder="State"
        type="text"
        value=""
      />
    </label>
    <label
      htmlFor="zip"
    >
      Zip
      <input
        id="zip"
        name="zip"
        onChange={[Function]}
        placeholder="Zip"
        type="text"
        value=""
      />
    </label>
    <button
      type="submit"
    >
      Submit
    </button>
  </fieldset>
</form>
`;
