// Jest Snapshot v1, https://goo.gl/fbAQLP

exports[`<Pagination/> renders pagination for 18 items 1`] = `
<PaginationStyles>
  <div
    className="PaginationStyles-sz1p4z-0 gGNYCi"
  >
    <Link
      href={
        Object {
          "pathname": "/charities",
          "query": Object {
            "page": 0,
          },
        }
      }
      prefetch={true}
    >
      <a
        aria-disabled={true}
        className="prev"
        href="/charities?page=0"
        onClick={[Function]}
      >
        â—€
      </a>
    </Link>
    <p>
      Page 
      1
       of 
      <span
        className="totalPages"
      >
        5
      </span>
       Pages
    </p>
    <p>
      ðŸ’™ 
      18
       Charities Total ðŸ’™
    </p>
    <Link
      href={
        Object {
          "pathname": "/charities",
          "query": Object {
            "page": 2,
          },
        }
      }
      prefetch={true}
    >
      <a
        aria-disabled={false}
        className="next"
        href="/charities?page=2"
        onClick={[Function]}
      >
        â–¶
      </a>
    </Link>
  </div>
</PaginationStyles>
`;
